#-----------------------------------------------------------
# Vivado v2020.2 (64-bit)
# SW Build 3064766 on Wed Nov 18 09:12:45 MST 2020
# IP Build 3064653 on Wed Nov 18 14:17:31 MST 2020
# Start of session at: Tue Nov  8 15:08:53 2022
# Process ID: 3532
# Current directory: D:/Vfile/Exp3_NEXYS_A7_nopre
# Command line: vivado.exe -gui_launcher_event rodinguilauncherevent35480 D:\Vfile\Exp3_NEXYS_A7_nopre\Exp2.xpr
# Log file: D:/Vfile/Exp3_NEXYS_A7_nopre/vivado.log
# Journal file: D:/Vfile/Exp3_NEXYS_A7_nopre\vivado.jou
#-----------------------------------------------------------
start_gui
open_project D:/Vfile/Exp3_NEXYS_A7_nopre/Exp2.xpr
update_compile_order -fileset sources_1
add_files -norecurse -scan_for_includes {D:/Vfile/Exp3_NEXYS_A7_nopre/code/auxillary/uart_buffer.v D:/Vfile/Exp3_NEXYS_A7_nopre/code/auxillary/UART_TX_CTRL.vhd}
update_compile_order -fileset sources_1
reset_run synth_1
launch_runs synth_1 -jobs 4
wait_on_run synth_1
launch_simulation
open_wave_config D:/Vfile/Exp3_NEXYS_A7_nopre/code/sim/core_sim_behav.wcfg
source core_sim.tcl
restart
run 50 us
current_wave_config {core_sim_behav.wcfg}
add_wave {{/core_sim/core/sim_uart_char_valid}} 
current_wave_config {core_sim_behav.wcfg}
add_wave {{/core_sim/core/sim_uart_char_out}} 
restart
run 50 us
reset_run synth_1
launch_runs synth_1 -jobs 4
wait_on_run synth_1
close_sim
launch_simulation
open_wave_config D:/Vfile/Exp3_NEXYS_A7_nopre/code/sim/core_sim_behav.wcfg
source core_sim.tcl
restart
run 50 us
close_sim
reset_run synth_1
launch_runs synth_1 -jobs 4
wait_on_run synth_1
launch_simulation
open_wave_config D:/Vfile/Exp3_NEXYS_A7_nopre/code/sim/core_sim_behav.wcfg
source core_sim.tcl
restart
run 50 us
restart
close_sim
launch_simulation
open_wave_config D:/Vfile/Exp3_NEXYS_A7_nopre/code/sim/core_sim_behav.wcfg
source core_sim.tcl
restart
run 50 us
restart
run 50 us
current_wave_config {core_sim_behav.wcfg}
add_wave {{/core_sim/core/register}} 
restart
run 50 us
restart
run 50 us
restart
close_sim
