../Core/Src/freertos.c:165:6:MX_FREERTOS_Init	64	static
../Core/Src/freertos.c:248:6:StartDefaultTask	16	static
../Core/Src/freertos.c:262:6:vLEDTaskStart	24	static
../Core/Src/freertos.c:280:6:GpioSwitchToInput	32	static
../Core/Src/freertos.c:296:6:GpioSwitchToOutput	32	static
../Core/Src/freertos.c:307:6:Delay_us	16	static
../Core/Src/freertos.c:321:6:vDH11SignalStart	8	static
../Core/Src/freertos.c:333:9:CheckResponseSignal	16	static
../Core/Src/freertos.c:355:9:DH11BitRead	16	static
../Core/Src/freertos.c:384:9:DH11ByteRead	16	static
../Core/Src/freertos.c:397:9:DH11AllConnect	40	static
../Core/Src/freertos.c:430:6:vDH11TaskStart	64	static
../Core/Src/freertos.c:451:6:vDisplayTaskStart	16	static
../Core/Src/freertos.c:494:6:OneDigit	16	static
../Core/Src/freertos.c:508:6:DiffDigit	32	static
../Core/Src/freertos.c:579:6:OneDigit_SameLight	24	static
